# ç¬¬7ç« ã€€Scrapyã¨MySQL

## ã¯ã˜ã‚ã«

ã“ã“ã§ã¯Scrapyã§ã‚¹ã‚¯ãƒ¬ã‚¤ãƒ”ãƒ³ã‚°ã—ãŸå€¤ã‚’MySQLã®ãƒ†ãƒ¼ãƒ–ãƒ«ã«æ ¼ç´ã™ã‚‹æ–¹æ³•ã«ã¤ã„ã¦ã¾ã¨ã‚ã¦ã„ãã¾ã™ã€‚MongoDBã®ã‚ˆã†ãªNoSQLãƒ‡ãƒ¼ã‚¿ãƒ™ãƒ¼ã‚¹ãŒä½¿ã‚ã‚Œã‚‹ã“ã¨ã‚‚å¤šã„ã‚ˆã†ã§ã™ãŒã€ã“ã“ã§ã¯MySQLã‚’æ‰±ã„ã¾ã™ã€‚

### ãƒ—ãƒ­ã‚¸ã‚§ã‚¯ãƒˆã®ä½œæˆ

å¯¾è±¡ã«ã™ã‚‹ã‚µã‚¤ãƒˆã¯ã€ãƒãƒ¥ãƒ¼ãƒˆãƒªã‚¢ãƒ«2ã§ä½¿ã£ãŸæ¶ç©ºã®ã‚ªãƒ³ãƒ©ã‚¤ãƒ³æ›¸åº—ã®ã‚µã‚¤ãƒˆã§ã™ã€‚ãƒãƒ¥ãƒ¼ãƒˆãƒªã‚¢ãƒ«2ã®ã‚³ãƒ¼ãƒ‰ã‚’ãƒ™ãƒ¼ã‚¹ã«MySQLã«é€£æºã§ãã‚‹ã‚ˆã†ã«æ›¸ãæ›ãˆã¾ã™ã€‚ã§ã¯ãƒ—ãƒ­ã‚¸ã‚§ã‚¯ãƒˆã‚’ä½œæˆã—ã¾ã™ã€‚

* [Books to scrape](http://books.toscrape.com/)

```text
$ scrapy startproject sample_books_mysql
$ cd sample_books_mysql
$ scrapy genspider books_spider_mysql books.toscrape.com
```

### ã‚¢ã‚¤ãƒ†ãƒ ã®å®šç¾©\(MySQL\)

Items.pyã‚’å®šç¾©ã—ã¦ã„ãã¾ã™ã€‚ã“ã‚Œã¾ã§ä½¿ã£ã¦ãã¾ã›ã‚“ã§ã—ãŸãŒã€Itemã‚’å®šç¾©ã™ã‚‹å¿…è¦ãŒã‚ã‚Šã¾ã™ã€‚Itemã¯ã‚¹ã‚¯ãƒ¬ã‚¤ãƒ”ãƒ³ã‚°ã—ãŸãƒ‡ãƒ¼ã‚¿ã‚’æ ¼ç´ã—ã¦ãŠããŸã‚ã®ã‚ªãƒ–ã‚¸ã‚§ã‚¯ãƒˆã§ã€ã“ã“ã«æ ¼ç´ã—ã¦ã€MySQLã«ä¿å­˜ã™ã‚‹ãŸã‚ã®ãƒ‘ã‚¤ãƒ—ãƒ©ã‚¤ãƒ³ã«ãƒ‡ãƒ¼ã‚¿ã‚’æµã—ã¾ã™ã€‚

ã¾ãŸã€Itemã‚’å®šç¾©ã™ã‚‹ã“ã¨ã§ã€ã‚¿ã‚¤ãƒã«ã‚ˆã‚‹ã‚«ãƒ©ãƒ åã®é–“é•ã„ãŒã‚ã‚Œã°ã‚¨ãƒ©ãƒ¼ã‚’è¿”ã™ã‚ˆã†ã«ãªã‚Šã¾ã™ã€‚æŒ‡å®šã®ä»•æ–¹ã¯ã€Œåå‰=scrapy.Field\(\)ã€ã§ã€ã‚¿ã‚¤ãƒˆãƒ«ã€ä¾¡æ ¼ã€URLã‚’ä¿å­˜ã™ã‚‹ã‚ˆã†ã«ã—ã¾ã™ã€‚

```python
import scrapy

class BooksMysqlItem(scrapy.Item):
        title = scrapy.Field()
        price = scrapy.Field()
        detail_page_url = scrapy.Field()
```

### ã‚¯ãƒ­ãƒ¼ãƒ©ãƒ¼ã®è¨­è¨ˆ

Itemã«ã‚ã‚ã›ã¦ã€books\_spider\_mysql.pyã®ä¸­ã®é …ç›®ã‚’å‰Šé™¤ã—ã¦ã„ã¾ã™ã€‚ã‚¹ã‚¯ãƒ¬ã‚¤ãƒ”ãƒ³ã‚°ã—ãŸæƒ…å ±ã¯Itemã‚¯ãƒ©ã‚¹ã®ã‚³ãƒ³ã‚¹ãƒˆãƒ©ã‚¯ã‚¿`BooksMysqlItem`ã§åˆæœŸåŒ–ã—ãŸå¾Œã«ã€ã‚­ãƒ¼ã‚’æŒ‡å®šã—ã¦æ¸¡ã—ã¾ã™ã€‚ãã®ä»–ã¯ã“ã‚Œã¾ã§ã¨å¤‰ã‚ã‚Šã¾ã›ã‚“ã€‚

```python
from scrapy import Spider
from scrapy.http import Request
from sample_books_mysql.items import BooksMysqlItemã€€#å¿˜ã‚Œãšã«ã‚¤ãƒ³ãƒãƒ¼ãƒˆã™ã‚‹

class BooksSpiderMysqlSpider(Spider):
    name = 'books_spider_mysql'
    allowed_domains = ['books.toscrape.com']
    start_urls = ['http://books.toscrape.com']

    def parse(self, response):
        books = response.xpath('.//*[@class="product_pod"]')
        for book in books:
            item = BooksMysqlItem()

            item["title"] = book.xpath('.//h3/a/@title').get()
            item["price"] = book.xpath('.//*[@class="price_color"]/text()').get()
            img_url = book.xpath('.//*[@class="image_container"]/a/@href').get()
            item["detail_page_url"] = "http://books.toscrape.com/" + img_url

            yield item


        # If there is a next button on this page, move the crawler
        next_page_url = response.xpath('//a[text()="next"]/@href').get()
        abs_next_page_url = response.urljoin(next_page_url)
        if abs_next_page_url is not None:
            yield Request(abs_next_page_url, callback=self.parse)
```

### ãƒ‘ã‚¤ãƒ—ãƒ©ã‚¤ãƒ³ã®è¨­è¨ˆ

Itemã«ä¿å­˜ã•ã‚Œã¦ã„ã‚‹ãƒ‡ãƒ¼ã‚¿ã‚’MySQLã«ã‚¤ãƒ³ã‚µãƒ¼ãƒˆã™ã‚‹ãŸã‚ã®ãƒ‘ã‚¤ãƒ—ãƒ©ã‚¤ãƒ³ã‚’pipelines.pyã«è¨˜è¿°ã—ã¦ã„ãã¾ã™ã€‚ã“ã“ã§ã¯ã€pymysqlã‚’ä½¿ç”¨ã—ã¾ã™ã€‚æ›¸ãæ–¹ã¯ã„ã‚ã‚“ãªæ–¹æ³•ãŒã‚ã‚‹ã¨æ€ã„ã¾ã™ãŒã€ã“ã“ã§ã¯ã€Œãƒ‡ãƒ¼ã‚¿ãƒ™ãƒ¼ã‚¹ã«ã‚³ãƒã‚¯ã‚·ãƒ§ãƒ³ã‚’ä½œã‚‹é–¢æ•°ã€ã€Œãƒ‡ãƒ¼ã‚¿ãƒ™ãƒ¼ã‚¹ã«é‡è¤‡ãƒã‚§ãƒƒã‚¯ã‚’ã—ã¦ã‚¤ãƒ³ã‚µãƒ¼ãƒˆã™ã‚‹é–¢æ•°ã€ã€Œãƒ‡ãƒ¼ã‚¿ãƒ™ãƒ¼ã‚¹ã®ã‚³ãƒã‚¯ã‚·ãƒ§ãƒ³ã‚’ã‚¯ãƒ­ãƒ¼ã‚ºã™ã‚‹é–¢æ•°ã€ã«åˆ†ã‘ã¦ã„ã¾ã™ã€‚

ã€Œãƒ‡ãƒ¼ã‚¿ãƒ™ãƒ¼ã‚¹ã«é‡è¤‡ãƒã‚§ãƒƒã‚¯ã‚’ã—ã¦ã‚¤ãƒ³ã‚µãƒ¼ãƒˆã™ã‚‹é–¢æ•°ã€ã§ã¯ã€Itemã®ã‚¿ã‚¤ãƒˆãƒ«ã‚’å–ã‚Šå‡ºã—ã¦ã€ãƒ‡ãƒ¼ã‚¿ãƒ™ãƒ¼ã‚¹ã‚’æ¤œç´¢ã‚’ã‹ã‘ã€ãƒ‡ãƒ¼ã‚¿ãƒ™ãƒ¼ã‚¹ã«ãªã„å€¤ã§ã‚ã‚Œã°ã€ã‚¤ãƒ³ã‚µãƒ¼ãƒˆã™ã‚‹ã¨ã„ã†ä»•çµ„ã¿ã«ã—ã¦ã„ã¾ã™ã€‚å®šæœŸçš„ã«ã‚¯ãƒ­ãƒ¼ãƒ©ãƒ¼ã‚’å‹•ã‹ã™éš›ã«ã€ã“ã®é‡è¤‡ãƒã‚§ãƒƒã‚¯ãŒãªã„ã¨ã€åŒã˜ãƒ¬ã‚³ãƒ¼ãƒ‰ãŒã‚¤ãƒ³ã‚µãƒ¼ãƒˆã•ã‚Œã¦ã„ãã€ã„ã–åˆ†æã¨ãªã£ãŸéš›ã«éå¸¸ã«é¢å€’ã§ã™ã€‚

ã¡ãªã¿ã«ã€ã“ã®ã‚µã‚¤ãƒˆã§ã¯æ›¸ç±ã®ã‚¿ã‚¤ãƒˆãƒ«ãŒé‡è¤‡ã—ã¦ã„ã‚‹ãŸã‚ã€ã“ã®é–¢æ•°ã®ãƒã‚§ãƒƒã‚¯ã«å¼•ã£ã‹ã‹ã‚Šã€999ä»¶ã—ã‹ã‚¤ãƒ³ã‚µãƒ¼ãƒˆã•ã‚Œã¾ã›ã‚“ã€‚æœ¬å½“ã¯ã€ãƒ¦ãƒ‹ãƒ¼ã‚¯ãªIDãªã©ã§ç¢ºèªã™ã‚‹ã¹ãã§ã™ã€‚ã§ãªã‘ã‚Œã°ã€ä»Šå›ã®ã‚ˆã†ã«ã‚¿ã‚¤ãƒˆãƒ«ã¯åŒã˜ã§ã‚‚ã€é‡‘é¡ã‚„URLãŒç•°ãªã‚‹ã‚‚ã®ãŒå–å¾—ã§ãã¾ã›ã‚“ã€‚

```python
import pymysql


class BooksMysqlPipeline:
    def open_spider(self, spider):
        self.connection = pymysql.connect(
            host="localhost",
            user="****", # DBã«ã‚ã‚ã›ã¦å¤‰æ›´
            passwd="****", # DBã«ã‚ã‚ã›ã¦å¤‰æ›´
            database="book_online",
            charset="utf8mb4"
        )
        self.cursor = self.connection.cursor()

    def process_item(self, item, spider):
        # duplication check
        check_title_id = item["title"]
        find_qry = "SELECT `title` FROM `books` WHERE `title` = %s"
        is_done = self.cursor.execute(find_qry, check_title_id)

        # if already a record exists in database, return 1
        if is_done == 0:
            insert_qry = "INSERT INTO `books` (`title`, `price`, `detail_page_url`) VALUES (%s, %s, %s)"
            self.cursor.execute(insert_qry, (item["title"], item["price"], item["detail_page_url"]))
            self.connection.commit()
        else:
            pass

        return item

    def close_spider(self, spider):
        self.connection.close()
```

The Star-Touched QueenãŒé‡è¤‡ã—ã¦ã„ã‚‹æ›¸ç±ã®ã‚¿ã‚¤ãƒˆãƒ«ã§ã™ã€‚

![Title duplication](.gitbook/assets/sukurnshotto-2020-05-24-45010png.png)

### ç’°å¢ƒè¨­å®š

ãƒ‘ã‚¤ãƒ—ãƒ©ã‚¤ãƒ³ã‚’æœ‰åŠ¹ã«ã™ã‚‹ãŸã‚ã«ã€settings.pyã‚’æœ‰åŠ¹ã«ã—ã¾ã™ã€‚ç•ªå·ã¯ãƒ‡ãƒ¼ã‚¿ãƒ™ãƒ¼ã‚¹ã¸ã®æ ¼ç´ãªã®ã§ã€é †åºã¨ã—ã¦ã¯é…ãã¦ã‚‚å¤§ä¸ˆå¤«ãªã®ã§ã€800ã¨ã—ã¦ã„ã¾ã™ã€‚

```python
# Configure item pipelines
# See https://docs.scrapy.org/en/latest/topics/item-pipeline.html
ITEM_PIPELINES = {
    'sample_books_mysql.pipelines.BooksMysqlPipeline': 800,
}
```

### ãƒ†ãƒ¼ãƒ–ãƒ«ã®å®šç¾©\(MySQL\)

ã“ã“ã¾ã§æº–å‚™ãŒã§ããŸã‚‰ã€MySQLã«ãƒ‡ãƒ¼ã‚¿ãƒ™ãƒ¼ã‚¹ã€ãƒ†ãƒ¼ãƒ–ãƒ«ã‚’ä½œæˆã—ã¾ã™ã€‚itemã®å†…å®¹ã«æ²¿ã£ã¦ãƒ†ãƒ¼ãƒ–ãƒ«ã‚’ä½œæˆã—ã¾ã™ã€‚

```python
mysql> CREATE DATABASE book_online;
mysql> USE book_online;
mysql> CREATE TABLE books(id INT NOT NULL AUTO_INCREMENT,
                          title TEXT,
                          price VARCHAR(50),
                          detail_page_url TEXT,
                          PRIMARY KEY(id));
```

### ã‚¯ãƒ­ãƒ¼ãƒ©ãƒ¼ã‚’å®Ÿè¡Œã™ã‚‹

ã™ã¹ã¦ã®æº–å‚™ãŒæ•´ã£ãŸã®ã§ã€ã‚¯ãƒ­ãƒ¼ãƒ©ãƒ¼ã‚’å®Ÿè¡Œã—ã¾ã™ã€‚

```text
$ scrapy crawl books_spider_mysql
```

MySQLã®ä¸­èº«ã‚’ç¢ºèªã—ã¦ãŠãã¾ã™ã€‚æƒ³å®šé€šã‚Š999ä»¶ã®ãƒ‡ãƒ¼ã‚¿ãŒæ ¼ç´ã•ã‚Œã¦ã„ã‚‹ã“ã¨ãŒã‚ã‹ã‚Šã¾ã™ã€‚

```sql
mysql> select count(1) from books;
+----------+
| count(1) |
+----------+
|      999 |
+----------+

mysql> select * from books limit 5;
+----+---------------------------------------+---------+-----------------------------------------------------------------------------------------+
| id | title                                 | price   | detail_page_url                                                                         |
+----+---------------------------------------+---------+-----------------------------------------------------------------------------------------+
|  1 | A Light in the Attic                  | Â£51.77  | http://books.toscrape.com/catalogue/a-light-in-the-attic_1000/index.html                |
|  2 | Tipping the Velvet                    | Â£53.74  | http://books.toscrape.com/catalogue/tipping-the-velvet_999/index.html                   |
|  3 | Soumission                            | Â£50.10  | http://books.toscrape.com/catalogue/soumission_998/index.html                           |
|  4 | Sharp Objects                         | Â£47.82  | http://books.toscrape.com/catalogue/sharp-objects_997/index.html                        |
|  5 | Sapiens: A Brief History of Humankind | Â£54.23  | http://books.toscrape.com/catalogue/sapiens-a-brief-history-of-humankind_996/index.html |
+----+---------------------------------------+---------+-----------------------------------------------------------------------------------------+

mysql> select * from books order by id desc limit 5;
+-----+-----------------------------------------------------------+---------+----------------------------------------------------------------------------------------------+
| id  | title                                                     | price   | detail_page_url                                                                              |
+-----+-----------------------------------------------------------+---------+----------------------------------------------------------------------------------------------+
| 999 | 1,000 Places to See Before You Die                        | Â£26.08  | http://books.toscrape.com/1000-places-to-see-before-you-die_1/index.html                     |
| 998 | 1st to Die (Women's Murder Club #1)                       | Â£53.98  | http://books.toscrape.com/1st-to-die-womens-murder-club-1_2/index.html                       |
| 997 | A Spy's Devotion (The Regency Spies of London #1)         | Â£16.97  | http://books.toscrape.com/a-spys-devotion-the-regency-spies-of-london-1_3/index.html         |
| 996 | Ajin: Demi-Human, Volume 1 (Ajin: Demi-Human #1)          | Â£57.06  | http://books.toscrape.com/ajin-demi-human-volume-1-ajin-demi-human-1_4/index.html            |
| 995 | Alice in Wonderland (Alice's Adventures in Wonderland #1) | Â£55.53  | http://books.toscrape.com/alice-in-wonderland-alices-adventures-in-wonderland-1_5/index.html |
+-----+-----------------------------------------------------------+---------+----------------------------------------------------------------------------------------------+
```

### MySQLã¨ãŠå¯¿å¸å•é¡Œ

ã“ã“ã§ã¯ã€ãŠã¾ã‘ç¨‹åº¦ã«MySQLã®æ¶ˆãˆã‚‹ğŸ£å•é¡Œã‚’ã¾ã¨ã‚ã¦ãŠãã¾ã™ã€‚ä¾‹ãˆã°ã€ã‚¹ã‚¯ãƒ¬ã‚¤ãƒ”ãƒ³ã‚°ã—ãŸéš›ã«ã€ğŸ£ã¨ã„ã†çµµæ–‡å­—ãŒå«ã¾ã‚Œã¦ã„ã‚‹å ´åˆã€MySQLã®ãƒ†ãƒ¼ãƒ–ãƒ«å®šç¾©æ¬¡ç¬¬ã§ã¯ğŸ£ãŒæ¶ˆãˆã¦ãªããªã‚Šã¾ã™ã€‚ã„ã‚ã‚†ã‚‹ã€ã€ŒMySQLå¯¿å¸æ¶ˆãˆã‚‹å•é¡Œã€ã§ã™ã€‚

```sql
mysql> CREATE TABLE emoji (text varchar(255)) CHARSET utf8;
Query OK, 0 rows affected, 1 warning (0.02 sec)
```

ğŸ£ã‚’ã‚¤ãƒ³ã‚µãƒ¼ãƒˆã—ã¦ã¿ã¾ã™ã€‚MySQL8.0ã§ã¯ã€ãã‚‚ãã‚‚å…¥ã‚‰ãªããªã£ã¦ã¾ã™ã­â€¦MySQL5.6ã ã¨ğŸ£çµµæ–‡å­—ä»¥é™ãŒæ¶ˆãˆã¦ã—ã¾ã„ã¾ã™ã€‚

```sql
mysql> INSERT INTO emoji VALUES( 'é®¨ ã®ğŸ£ã¯ãŠã„ã—ã„ã€‚');
ERROR 1366 (HY000): Incorrect string value: '\xF0\x9F\x8D\xA3\xE3\x81...' for column 'text' at row 1
```

ã“ã®åŸå› ã¯Charsetã®utf8ã§ã™ã€‚MySQLã®utf8ã¯4ãƒã‚¤ãƒˆä»¥ä¸Šã®U+1000ä»¥é™ã®æ–‡å­—ãŒã‚ã‚Šã¾ã›ã‚“ã€‚ãªã®ã§ã€ä¸æ­£ãªæ–‡å­—ä»¥é™ã¯èªè­˜ã•ã‚Œã¾ã›ã‚“ã€‚ã“ã‚Œã«å¯¾å¿œã™ã‚‹ãŸã‚ã«ã¯ã€Charsetã®utf8mb4ã«å¤‰æ›´ã—ã¾ã™ã€‚4ãƒã‚¤ãƒˆã«ãªã‚‹ã®ã¯çµµæ–‡å­—ã ã‘ã§ã¯ãªãã€ä¸€éƒ¨ã®æ¼¢å­—ã‚‚å«ã¾ã‚Œã‚‹ã®ã§ã€æ—¥æœ¬èªã‚’æ‰±ã†ã®ã§ã‚ã‚Œã°ã€utf8mb4ãŒç„¡é›£ãªé¸æŠè‚¢ã¨ã„ãˆã‚‹ã‹ã¨æ€ã„ã¾ã™ã€‚

```sql
mysql> CREATE TABLE emoji2 (text varchar(255)) CHARSET utf8mb4;
Query OK, 0 rows affected (0.01 sec)

mysql> INSERT INTO emoji2 VALUES('é®¨å±‹ã®ğŸ£ã¯ãŠã„ã—ã„ã€‚');
Query OK, 1 row affected (0.00 sec)

mysql> select * from emoji2;
+---------------------------------+
| text                            |
+---------------------------------+
| é®¨å±‹ã®ğŸ£ã¯ãŠã„ã—ã„ã€‚                 |
+---------------------------------+
1 row in set (0.00 sec)
```

ãã®ä»–ã«ã‚‚ã€ğŸ£ã¨ğŸºãŒåŒºåˆ¥ã§ããªã„ã€ã€ŒMySQLå¯¿å¸ãƒ“ãƒ¼ãƒ«å•é¡Œã€ãŒã‚ã‚Šã¾ã™ã€‚ç…§åˆé †åºãŒutf8\_general\_ciã®å ´åˆã€åŒºåˆ¥ãŒã§ããªããªã‚Šã¾ã™ã€‚ã“ã‚Œã¯U+1000ä»¥é™ã®4ãƒã‚¤ãƒˆæ–‡å­—ãŒã€Œï¿½ã€ã¨ã—ã¦æ‰±ã‚ã‚Œã‚‹ãŸã‚ã§ã™ã€‚ã“ã‚Œã‚’é¿ã‘ã‚‹ãŸã‚ã«ã¯ã€utf8mb4\_binã‚’ä½¿ã†å¿…è¦ãŒã‚ã‚Šã¾ã™ã€‚

```sql
mysql> CREATE TABLE emoji3 (emoji varchar(1), name varchar(10)) CHARSET utf8mb4;
Query OK, 0 rows affected (0.01 sec)

mysql> INSERT INTO emoji3 VALUES('ğŸ£', 'ã™ã—'), ('ğŸº', 'ãƒ“ãƒ¼ãƒ«');
Query OK, 2 rows affected (0.00 sec)
Records: 2  Duplicates: 0  Warnings: 0

mysql> select * from emoji3 where emoji = 'ğŸ£';
+-------+--------+
| emoji | name   |
+-------+--------+
| ğŸ£      | ã™ã—   |
+-------+--------+

# ã“ã‚Œã§ã‚‚OK
mysql> select * from emoji3 where emoji = 'ğŸ£' COLLATE utf8mb4_bin;
+-------+--------+
| emoji | name   |
+-------+--------+
| ğŸ£      | ã™ã—   |
+-------+--------+
1 row in set (0.00 sec)

```

